// Jest Snapshot v1, https://goo.gl/fbAQLP

exports[`<Authorization /> should renders correct <Authorization /> 1`] = `
<div
  className="form__wrapper"
>
  <form
    className="form__login"
  >
    <div
      className="form__title"
    >
      Авторизация
    </div>
    <div
      className="form__main"
    >
      <div
        className="form__row"
      >
        <div
          className="form__title-input"
        >
           Логин
        </div>
        <Input
          id="login"
          name="login"
          onBlur={[Function]}
          onChange={[Function]}
          placeholder="Логин"
          value=""
        />
      </div>
      <div
        className="row"
      >
        <div
          className="form__title-input"
        >
           Пароль 
        </div>
        <Input
          id="password"
          name="password"
          onBlur={[Function]}
          onChange={[Function]}
          placeholder="Пароль"
          type="password"
          value=""
        />
      </div>
      <div
        className="form__row-button"
      >
        <Memo(Button)
          disabled={true}
          onClick={[Function]}
          size="s"
          type="submit"
        >
          Вход
        </Memo(Button)>
      </div>
      <div
        className="form__row"
      >
        <Link
          className="form__link"
          to="/registration"
        >
          Регистрация
        </Link>
      </div>
    </div>
  </form>
</div>
`;
