// Jest Snapshot v1, https://goo.gl/fbAQLP

exports[`<Registration /> should renders correct <Registration /> 1`] = `
<div
  className="form__wrapper"
>
  <form
    className="form__login"
  >
    <div
      className="form__title"
    >
      Регистрация
    </div>
    <div
      className="form__row"
    >
      <div
        className="form__title-input"
      >
        Email
      </div>
      <Input
        id="email"
        name="email"
        onBlur={[Function]}
        onChange={[Function]}
        placeholder="Email"
        value=""
      />
    </div>
    <div
      className="form__row"
    >
      <div
        className="form__title-input"
      >
        Логин
      </div>
      <Input
        id="login"
        name="login"
        onBlur={[Function]}
        onChange={[Function]}
        placeholder="Логин"
        value=""
      />
    </div>
    <div
      className="form__row"
    >
      <div
        className="form__title-input"
      >
        Имя
      </div>
      <Input
        id="name"
        name="name"
        onBlur={[Function]}
        onChange={[Function]}
        placeholder="Имя"
        value=""
      />
    </div>
    <div
      className="form__row"
    >
      <div
        className="form__title-input"
      >
        Пароль
      </div>
      <Input
        id="password"
        name="password"
        onBlur={[Function]}
        onChange={[Function]}
        placeholder="Пароль"
        type="password"
        value=""
      />
    </div>
    <div
      className="form__row"
    >
      <div
        className="form__title-input"
      >
        Пароль (еще раз)
      </div>
      <Input
        id="passwordConfirm"
        name="passwordConfirm"
        onBlur={[Function]}
        onChange={[Function]}
        placeholder="Пароль (еще раз)"
        type="password"
        value=""
      />
    </div>
    <div
      className="form__row-button"
    >
      <Memo(Button)
        disabled={true}
        onClick={[Function]}
        size="s"
        type="submit"
      >
        Зарегистрироваться
      </Memo(Button)>
    </div>
    <div
      className="form__row"
    >
      <Link
        className="form__link"
        to="/authorization"
      >
        Есть аккаунт?
      </Link>
    </div>
  </form>
</div>
`;
